
> arama@1.0.0 build
> next build

Γû▓ Next.js 16.2.9 (Turbopack)
- Environments: .env.local

  Creating an optimized production build ...
node.exe : Turbopack build encountered 2 warnings:
At line:1 char:1
+ & "C:\Program Files\nodejs/node.exe" "C:\Program Files\nodejs/node_mo ...
+ ~~~~~~~~~~~~~~~~~~~~~~~~~~~~~~~~~~~~~~~~~~~~~~~~~~~~~~~~~~~~~~~~~~~~~
    + CategoryInfo          : NotSpecified: (Turbopack build encountered 2 warnings::String) [], RemoteException
    + FullyQualifiedErrorId : NativeCommandError
 
[next]/internal/font/google/vazirmatn_21a4abc5.module.css
Error while requesting resource
There was an issue establishing a connection while requesting 
https://fonts.googleapis.com/css2?family=Vazirmatn:wght@300;400;500;600;700;800;900&display=swap

Import trace:
  Server Component:
    [next]/internal/font/google/vazirmatn_21a4abc5.module.css
    [next]/internal/font/google/vazirmatn_21a4abc5.js
    ./src/app/layout.tsx


./next.config.ts
Encountered unexpected file in NFT list
A file was traced that indicates that the whole project was traced unintentionally. Somewhere in the import trace below, 
there are:
- filesystem operations (like path.join, path.resolve or fs.readFile), or
- very dynamic requires (like require('./' + foo)).
To resolve this, you can
- remove them if possible, or
- only use them in development, or
- make sure they are statically scoped to some subfolder: path.join(process.cwd(), 'data', bar), or
- add ignore comments: path.join(/*turbopackIgnore: true*/ process.cwd(), bar)

Import trace:
  App Route:
    ./next.config.ts
    ./src/db/index.ts
    ./src/app/api/openai/conversations/[id]/messages/route.ts



> Build error occurred
Error: Turbopack build failed with 1 errors:
[next]/internal/font/google/vazirmatn_21a4abc5.module.css
next/font: error:
Failed to fetch `Vazirmatn` from Google Fonts.

Import trace:
  Server Component:
    [next]/internal/font/google/vazirmatn_21a4abc5.module.css
    [next]/internal/font/google/vazirmatn_21a4abc5.js
    ./src/app/layout.tsx


    at ignore-listed frames
